ERROR - 2026-06-16 23:17:22 --> Error connecting to the database: mysqli_sql_exception: Access denied for user 'root'@'localhost' (using password: YES) in C:\laragon\www\Modul 7\PRAK701\system\Database\MySQLi\Connection.php:201
Stack trace:
#0 C:\laragon\www\Modul 7\PRAK701\system\Database\MySQLi\Connection.php(201): mysqli->real_connect('localhost', 'root', Object(SensitiveParameterValue), 'Modul7', 3306, '', 0)
#1 C:\laragon\www\Modul 7\PRAK701\system\Database\BaseConnection.php(555): CodeIgniter\Database\MySQLi\Connection->connect(false)
#2 C:\laragon\www\Modul 7\PRAK701\system\Database\BaseConnection.php(795): CodeIgniter\Database\BaseConnection->initialize()
#3 C:\laragon\www\Modul 7\PRAK701\system\Database\BaseConnection.php(1706): CodeIgniter\Database\BaseConnection->query('SHOW TABLES FRO...')
#4 C:\laragon\www\Modul 7\PRAK701\system\Database\BaseConnection.php(1726): CodeIgniter\Database\BaseConnection->listTables()
#5 C:\laragon\www\Modul 7\PRAK701\system\Database\MigrationRunner.php(821): CodeIgniter\Database\BaseConnection->tableExists('migrations')
#6 C:\laragon\www\Modul 7\PRAK701\system\Database\MigrationRunner.php(173): CodeIgniter\Database\MigrationRunner->ensureTable()
#7 C:\laragon\www\Modul 7\PRAK701\system\Commands\Database\Migrate.php(89): CodeIgniter\Database\MigrationRunner->latest(NULL)
#8 C:\laragon\www\Modul 7\PRAK701\system\CLI\SignalTrait.php(245): CodeIgniter\Commands\Database\Migrate::CodeIgniter\Commands\Database\{closure}()
#9 C:\laragon\www\Modul 7\PRAK701\system\Commands\Database\Migrate.php(88): CodeIgniter\Commands\Database\Migrate->withSignalsBlocked(Object(Closure))
#10 C:\laragon\www\Modul 7\PRAK701\system\CLI\Commands.php(72): CodeIgniter\Commands\Database\Migrate->run(Array)
#11 C:\laragon\www\Modul 7\PRAK701\system\CLI\Console.php(47): CodeIgniter\CLI\Commands->run('migrate', Array)
#12 C:\laragon\www\Modul 7\PRAK701\system\Boot.php(442): CodeIgniter\CLI\Console->run()
#13 C:\laragon\www\Modul 7\PRAK701\system\Boot.php(166): CodeIgniter\Boot::runCommand(Object(CodeIgniter\CLI\Console))
#14 C:\laragon\www\Modul 7\PRAK701\spark(87): CodeIgniter\Boot::bootSpark(Object(Config\Paths))
#15 {main}

Next CodeIgniter\Database\Exceptions\DatabaseException: Access denied for user '****'@'localhost' (using password: YES) in C:\laragon\www\Modul 7\PRAK701\system\Database\MySQLi\Connection.php:231
Stack trace:
#0 C:\laragon\www\Modul 7\PRAK701\system\Database\BaseConnection.php(555): CodeIgniter\Database\MySQLi\Connection->connect(false)
#1 C:\laragon\www\Modul 7\PRAK701\system\Database\BaseConnection.php(795): CodeIgniter\Database\BaseConnection->initialize()
#2 C:\laragon\www\Modul 7\PRAK701\system\Database\BaseConnection.php(1706): CodeIgniter\Database\BaseConnection->query('SHOW TABLES FRO...')
#3 C:\laragon\www\Modul 7\PRAK701\system\Database\BaseConnection.php(1726): CodeIgniter\Database\BaseConnection->listTables()
#4 C:\laragon\www\Modul 7\PRAK701\system\Database\MigrationRunner.php(821): CodeIgniter\Database\BaseConnection->tableExists('migrations')
#5 C:\laragon\www\Modul 7\PRAK701\system\Database\MigrationRunner.php(173): CodeIgniter\Database\MigrationRunner->ensureTable()
#6 C:\laragon\www\Modul 7\PRAK701\system\Commands\Database\Migrate.php(89): CodeIgniter\Database\MigrationRunner->latest(NULL)
#7 C:\laragon\www\Modul 7\PRAK701\system\CLI\SignalTrait.php(245): CodeIgniter\Commands\Database\Migrate::CodeIgniter\Commands\Database\{closure}()
#8 C:\laragon\www\Modul 7\PRAK701\system\Commands\Database\Migrate.php(88): CodeIgniter\Commands\Database\Migrate->withSignalsBlocked(Object(Closure))
#9 C:\laragon\www\Modul 7\PRAK701\system\CLI\Commands.php(72): CodeIgniter\Commands\Database\Migrate->run(Array)
#10 C:\laragon\www\Modul 7\PRAK701\system\CLI\Console.php(47): CodeIgniter\CLI\Commands->run('migrate', Array)
#11 C:\laragon\www\Modul 7\PRAK701\system\Boot.php(442): CodeIgniter\CLI\Console->run()
#12 C:\laragon\www\Modul 7\PRAK701\system\Boot.php(166): CodeIgniter\Boot::runCommand(Object(CodeIgniter\CLI\Console))
#13 C:\laragon\www\Modul 7\PRAK701\spark(87): CodeIgniter\Boot::bootSpark(Object(Config\Paths))
#14 {main}
ERROR - 2026-06-16 23:18:21 --> Table 'user' already exists
in SYSTEMPATH\Database\MySQLi\Connection.php on line 300.
 1 SYSTEMPATH\Database\MySQLi\Connection.php(300): mysqli->query('CREATE TABLE `user` (
	`id` INT(11) UNSIGNED NOT NULL AUTO_INCREMENT,
	`username` VARCHAR(255) NOT NULL,
	`email` VARCHAR(255) NOT NULL,
	`password` TEXT NOT NULL,
	CONSTRAINT `pk_user` PRIMARY KEY(`id`)
) DEFAULT CHARACTER SET = utf8mb4 COLLATE = utf8mb4_general_ci', 0)
 2 SYSTEMPATH\Database\BaseConnection.php(908): CodeIgniter\Database\MySQLi\Connection->execute('CREATE TABLE `user` (
	`id` INT(11) UNSIGNED NOT NULL AUTO_INCREMENT,
	`username` VARCHAR(255) NOT NULL,
	`email` VARCHAR(255) NOT NULL,
	`password` TEXT NOT NULL,
	CONSTRAINT `pk_user` PRIMARY KEY(`id`)
) DEFAULT CHARACTER SET = utf8mb4 COLLATE = utf8mb4_general_ci')
 3 SYSTEMPATH\Database\BaseConnection.php(825): CodeIgniter\Database\BaseConnection->simpleQuery('CREATE TABLE `user` (
	`id` INT(11) UNSIGNED NOT NULL AUTO_INCREMENT,
	`username` VARCHAR(255) NOT NULL,
	`email` VARCHAR(255) NOT NULL,
	`password` TEXT NOT NULL,
	CONSTRAINT `pk_user` PRIMARY KEY(`id`)
) DEFAULT CHARACTER SET = utf8mb4 COLLATE = utf8mb4_general_ci')
 4 SYSTEMPATH\Database\Forge.php(570): CodeIgniter\Database\BaseConnection->query('CREATE TABLE `user` (
	`id` INT(11) UNSIGNED NOT NULL AUTO_INCREMENT,
	`username` VARCHAR(255) NOT NULL,
	`email` VARCHAR(255) NOT NULL,
	`password` TEXT NOT NULL,
	CONSTRAINT `pk_user` PRIMARY KEY(`id`)
) DEFAULT CHARACTER SET = utf8mb4 COLLATE = utf8mb4_general_ci')
 5 APPPATH\Database\Migrations\2024-01-01-000001_CreateUser.php(31): CodeIgniter\Database\Forge->createTable('user')
 6 SYSTEMPATH\Database\MigrationRunner.php(1014): App\Database\Migrations\CreateUser->up()
 7 SYSTEMPATH\Database\MigrationRunner.php(202): CodeIgniter\Database\MigrationRunner->migrate('up', Object(stdClass))
 8 SYSTEMPATH\Commands\Database\Migrate.php(89): CodeIgniter\Database\MigrationRunner->latest(null)
 9 SYSTEMPATH\CLI\SignalTrait.php(245): CodeIgniter\Commands\Database\Migrate::CodeIgniter\Commands\Database\{closure}()
10 SYSTEMPATH\Commands\Database\Migrate.php(88): CodeIgniter\Commands\Database\Migrate->withSignalsBlocked(Object(Closure))
11 SYSTEMPATH\CLI\Commands.php(72): CodeIgniter\Commands\Database\Migrate->run([])
12 SYSTEMPATH\CLI\Console.php(47): CodeIgniter\CLI\Commands->run('migrate', [])
13 SYSTEMPATH\Boot.php(442): CodeIgniter\CLI\Console->run()
14 SYSTEMPATH\Boot.php(166): CodeIgniter\Boot::runCommand(Object(CodeIgniter\CLI\Console))
15 ROOTPATH\spark(87): CodeIgniter\Boot::bootSpark(Object(Config\Paths))
